Release 14.2 - xst P.28xd (lin64)
Copyright (c) 1995-2012 Xilinx, Inc.  All rights reserved.
--> 
Parameter TMPDIR set to temp


Total REAL time to Xst completion: 0.00 secs
Total CPU time to Xst completion: 0.06 secs
 
--> 
Parameter xsthdpdir set to xst


Total REAL time to Xst completion: 0.00 secs
Total CPU time to Xst completion: 0.06 secs
 
--> 

Reading constraint file lab.xcf.
XCF parsing done.

TABLE OF CONTENTS
  1) Synthesis Options Summary
  2) HDL Compilation
  3) Design Hierarchy Analysis
  4) HDL Analysis
  5) HDL Synthesis
     5.1) HDL Synthesis Report
  6) Advanced HDL Synthesis
     6.1) Advanced HDL Synthesis Report
  7) Low Level Synthesis
  8) Partition Report
  9) Final Report
	9.1) Device utilization summary
	9.2) Partition Resource Summary
	9.3) TIMING REPORT


=========================================================================
*                      Synthesis Options Summary                        *
=========================================================================
---- Source Parameters
Input File Name                    : "lab.prj"
Input Format                       : mixed
Ignore Synthesis Constraint File   : NO
Synthesis Constraint File          : lab.xcf

---- Target Parameters
Output File Name                   : "lab"
Output Format                      : NGC
Target Device                      : xc5vlx110t-ff1136-2

---- Source Options
Top Module Name                    : mips_core
Automatic FSM Extraction           : YES
FSM Encoding Algorithm             : Auto
Safe Implementation                : No
FSM Style                          : lut
RAM Extraction                     : Yes
RAM Style                          : Auto
ROM Extraction                     : Yes
Mux Style                          : Auto
Decoder Extraction                 : YES
Priority Encoder Extraction        : YES
Shift Register Extraction          : YES
Logical Shifter Extraction         : YES
XOR Collapsing                     : YES
ROM Style                          : Auto
Mux Extraction                     : YES
Resource Sharing                   : YES
Asynchronous To Synchronous        : NO
Multiplier Style                   : auto
Automatic Register Balancing       : No

---- Target Options
Add IO Buffers                     : YES
Global Maximum Fanout              : 500
Add Generic Clock Buffer(BUFG)     : 24
Register Duplication               : YES
Slice Packing                      : YES
Optimize Instantiated Primitives   : NO
Use Clock Enable                   : Yes
Use Synchronous Set                : Yes
Use Synchronous Reset              : Yes
Pack IO Registers into IOBs        : auto
Equivalent register Removal        : YES

---- General Options
Optimization Goal                  : Speed
Optimization Effort                : 1
Library Search Order               : lab.lso
Keep Hierarchy                     : NO
RTL Output                         : Yes
Global Optimization                : AllClockNets
Read Cores                         : NO
Write Timing Constraints           : NO
Cross Clock Analysis               : NO
Hierarchy Separator                : /
Bus Delimiter                      : <>
Case Specifier                     : maintain
Slice Utilization Ratio            : 100
BRAM Utilization Ratio             : 100
Verilog 2001                       : YES
Auto BRAM Packing                  : NO
Slice Utilization Ratio Delta      : 5

=========================================================================


=========================================================================
*                          HDL Compilation                              *
=========================================================================
Compiling verilog file "src/exception_unit.v" in library work
Compiling verilog include file "src/mips_defines.vh"
Compiling verilog file "src/mips_core.v" in library work
Compiling verilog include file "src/mips_defines.vh"
Compiling verilog include file "src/internal_defines.vh"
Module <exception_unit> compiled
Module <mips_core> compiled
Module <timerr> compiled
Module <mem_write_controller> compiled
Module <memory_processor> compiled
Module <valid_logic> compiled
Module <mux> compiled
Module <mips_ALU> compiled
Module <register> compiled
Module <ctrl_ex_register> compiled
Module <ctrl_mem_register> compiled
Module <ctrl_wb_register> compiled
Compiling verilog file "src/mips_decode.v" in library work
Compiling verilog include file "src/mips_defines.vh"
Compiling verilog include file "src/internal_defines.vh"
Module <add_const> compiled
Compiling verilog file "src/mips_mem.v" in library work
Module <mips_decode> compiled
Compiling verilog file "src/multiply_coprocessor.v" in library work
Module <mips_mem> compiled
Compiling verilog file "src/regfile.v" in library work
Module <multiply_coprocessor> compiled
Compiling verilog file "src/syscall_unit.v" in library work
Compiling verilog include file "src/mips_defines.vh"
Module <regfile> compiled
Compiling verilog file "src/testbench.v" in library work
Module <syscall_unit> compiled
Module <testbench> compiled
Module <clock> compiled
No errors in compilation
Analysis of file <"lab.prj"> succeeded.
 

Reading constraint file lab.xcf.
XCF parsing done.

=========================================================================
*                     Design Hierarchy Analysis                         *
=========================================================================
Analyzing hierarchy for module <mips_core> in library <work> with parameters.
	text_start = "00000000010000000000000000000000"

Analyzing hierarchy for module <valid_logic> in library <work>.

Analyzing hierarchy for module <register> in library <work> with parameters.
	reset_value = "00000000010000000000000000000000"
	width = "00000000000000000000000000100000"

Analyzing hierarchy for module <add_const> in library <work> with parameters.
	add_value = "00000000000000000000000000000100"

Analyzing hierarchy for module <register> in library <work> with parameters.
	reset_value = "00000000000000000000000000000000"
	width = "00000000000000000000000000100000"

Analyzing hierarchy for module <ctrl_ex_register> in library <work>.

Analyzing hierarchy for module <ctrl_mem_register> in library <work>.

Analyzing hierarchy for module <ctrl_wb_register> in library <work>.

Analyzing hierarchy for module <timerr> in library <work>.

Analyzing hierarchy for module <mux> in library <work>.

Analyzing hierarchy for module <memory_processor> in library <work>.

Analyzing hierarchy for module <mem_write_controller> in library <work>.

Analyzing hierarchy for module <mips_decode> in library <work>.

Analyzing hierarchy for module <regfile> in library <work>.

Analyzing hierarchy for module <mips_ALU> in library <work>.

Analyzing hierarchy for module <multiply_coprocessor> in library <work>.

Analyzing hierarchy for module <exception_unit> in library <work>.

Analyzing hierarchy for module <syscall_unit> in library <work>.

Analyzing hierarchy for module <register> in library <work> with parameters.
	reset_value = "00000000000000000000000000000000"
	width = "00000000000000000000000000000001"

Analyzing hierarchy for module <register> in library <work> with parameters.
	reset_value = "00000000000000000000000000000000"
	width = "00000000000000000000000000100000"


=========================================================================
*                            HDL Analysis                               *
=========================================================================
Analyzing top module <mips_core>.
	text_start = 32'b00000000010000000000000000000000
WARNING:Xst:2321 - "src/mips_core.v" line 249: Parameter 1 ($time) is not supported in call of system task $display.
WARNING:Xst:2326 - "src/mips_core.v" line 249: Invalid escape sequence : %x.
WARNING:Xst:2326 - "src/mips_core.v" line 249: Invalid escape sequence : %x.
WARNING:Xst:2326 - "src/mips_core.v" line 249: Invalid escape sequence : %x.
WARNING:Xst:2326 - "src/mips_core.v" line 249: Invalid escape sequence : %x.
WARNING:Xst:2326 - "src/mips_core.v" line 249: Invalid escape sequence : %x.
WARNING:Xst:2326 - "src/mips_core.v" line 249: Invalid escape sequence : %x.
WARNING:Xst:2326 - "src/mips_core.v" line 249: Invalid escape sequence : %x.
WARNING:Xst:2326 - "src/mips_core.v" line 249: Invalid escape sequence : %x.
WARNING:Xst:2326 - "src/mips_core.v" line 249: Invalid escape sequence : %x.
WARNING:Xst:2326 - "src/mips_core.v" line 249: Invalid escape sequence : %x.
WARNING:Xst:2326 - "src/mips_core.v" line 249: Invalid escape sequence : %x.
WARNING:Xst:2326 - "src/mips_core.v" line 249: Invalid escape sequence : %x.
WARNING:Xst:2326 - "src/mips_core.v" line 249: Invalid escape sequence : %x.
WARNING:Xst:2326 - "src/mips_core.v" line 249: Invalid escape sequence : %x.
WARNING:Xst:2326 - "src/mips_core.v" line 249: Invalid escape sequence : %x.
WARNING:Xst:2326 - "src/mips_core.v" line 249: Invalid escape sequence : %x.
WARNING:Xst:2326 - "src/mips_core.v" line 249: Invalid escape sequence : %x.
WARNING:Xst:2326 - "src/mips_core.v" line 249: Invalid escape sequence : %x.
WARNING:Xst:2326 - "src/mips_core.v" line 249: Invalid escape sequence : %x.
WARNING:Xst:2326 - "src/mips_core.v" line 249: Invalid escape sequence : %x.
WARNING:Xst:2326 - "src/mips_core.v" line 249: Invalid escape sequence : %x.
WARNING:Xst:2326 - "src/mips_core.v" line 249: Invalid escape sequence : %x.
WARNING:Xst:2326 - "src/mips_core.v" line 249: Invalid escape sequence : %x.
WARNING:Xst:2326 - "src/mips_core.v" line 249: Invalid escape sequence : %x.
WARNING:Xst:2326 - "src/mips_core.v" line 249: Invalid escape sequence : %x.
WARNING:Xst:2326 - "src/mips_core.v" line 249: Invalid escape sequence : %x.
WARNING:Xst:2326 - "src/mips_core.v" line 249: Invalid escape sequence : %x.
WARNING:Xst:2326 - "src/mips_core.v" line 249: Invalid escape sequence : %x.
WARNING:Xst:2326 - "src/mips_core.v" line 249: Invalid escape sequence : %x.
WARNING:Xst:2326 - "src/mips_core.v" line 249: Invalid escape sequence : %x.
WARNING:Xst:2326 - "src/mips_core.v" line 249: Invalid escape sequence : %x.
WARNING:Xst:2326 - "src/mips_core.v" line 249: Invalid escape sequence : %x.
WARNING:Xst:2326 - "src/mips_core.v" line 249: Invalid escape sequence : %x.
WARNING:Xst:2326 - "src/mips_core.v" line 249: Invalid escape sequence : %x.
WARNING:Xst:2326 - "src/mips_core.v" line 249: Invalid escape sequence : %x.
WARNING:Xst:2326 - "src/mips_core.v" line 249: Invalid escape sequence : %x.
WARNING:Xst:2326 - "src/mips_core.v" line 249: Invalid escape sequence : %x.
WARNING:Xst:2326 - "src/mips_core.v" line 249: Invalid escape sequence : %x.
WARNING:Xst:2326 - "src/mips_core.v" line 249: Invalid escape sequence : %x.
WARNING:Xst:2326 - "src/mips_core.v" line 249: Invalid escape sequence : %x.
WARNING:Xst:2326 - "src/mips_core.v" line 249: Invalid escape sequence : %x.
WARNING:Xst:2326 - "src/mips_core.v" line 249: Invalid escape sequence : %x.
WARNING:Xst:2326 - "src/mips_core.v" line 249: Invalid escape sequence : %x.
WARNING:Xst:2326 - "src/mips_core.v" line 249: Invalid escape sequence : %x.
WARNING:Xst:2326 - "src/mips_core.v" line 249: Invalid escape sequence : %x.
WARNING:Xst:2326 - "src/mips_core.v" line 249: Invalid escape sequence : %x.
WARNING:Xst:2323 - "src/mips_core.v" line 249: Parameter 3 is not constant in call of system task $display.
WARNING:Xst:2323 - "src/mips_core.v" line 249: Parameter 4 is not constant in call of system task $display.
WARNING:Xst:2323 - "src/mips_core.v" line 249: Parameter 5 is not constant in call of system task $display.
WARNING:Xst:2323 - "src/mips_core.v" line 249: Parameter 6 is not constant in call of system task $display.
WARNING:Xst:2323 - "src/mips_core.v" line 249: Parameter 7 is not constant in call of system task $display.
WARNING:Xst:2323 - "src/mips_core.v" line 249: Parameter 8 is not constant in call of system task $display.
WARNING:Xst:2323 - "src/mips_core.v" line 249: Parameter 9 is not constant in call of system task $display.
WARNING:Xst:2323 - "src/mips_core.v" line 249: Parameter 10 is not constant in call of system task $display.
WARNING:Xst:2323 - "src/mips_core.v" line 249: Parameter 11 is not constant in call of system task $display.
WARNING:Xst:2323 - "src/mips_core.v" line 249: Parameter 12 is not constant in call of system task $display.
WARNING:Xst:2323 - "src/mips_core.v" line 249: Parameter 13 is not constant in call of system task $display.
WARNING:Xst:2323 - "src/mips_core.v" line 249: Parameter 14 is not constant in call of system task $display.
WARNING:Xst:2323 - "src/mips_core.v" line 249: Parameter 15 is not constant in call of system task $display.
WARNING:Xst:2323 - "src/mips_core.v" line 249: Parameter 16 is not constant in call of system task $display.
WARNING:Xst:2323 - "src/mips_core.v" line 249: Parameter 17 is not constant in call of system task $display.
WARNING:Xst:2323 - "src/mips_core.v" line 249: Parameter 18 is not constant in call of system task $display.
WARNING:Xst:2323 - "src/mips_core.v" line 249: Parameter 19 is not constant in call of system task $display.
WARNING:Xst:2323 - "src/mips_core.v" line 249: Parameter 20 is not constant in call of system task $display.
WARNING:Xst:2323 - "src/mips_core.v" line 249: Parameter 21 is not constant in call of system task $display.
WARNING:Xst:2323 - "src/mips_core.v" line 249: Parameter 22 is not constant in call of system task $display.
WARNING:Xst:2323 - "src/mips_core.v" line 249: Parameter 23 is not constant in call of system task $display.
WARNING:Xst:2323 - "src/mips_core.v" line 249: Parameter 24 is not constant in call of system task $display.
WARNING:Xst:2323 - "src/mips_core.v" line 249: Parameter 25 is not constant in call of system task $display.
WARNING:Xst:2323 - "src/mips_core.v" line 249: Parameter 26 is not constant in call of system task $display.
WARNING:Xst:2323 - "src/mips_core.v" line 249: Parameter 27 is not constant in call of system task $display.
WARNING:Xst:2323 - "src/mips_core.v" line 249: Parameter 28 is not constant in call of system task $display.
WARNING:Xst:2323 - "src/mips_core.v" line 249: Parameter 29 is not constant in call of system task $display.
WARNING:Xst:2323 - "src/mips_core.v" line 249: Parameter 30 is not constant in call of system task $display.
WARNING:Xst:2323 - "src/mips_core.v" line 249: Parameter 31 is not constant in call of system task $display.
WARNING:Xst:2323 - "src/mips_core.v" line 249: Parameter 32 is not constant in call of system task $display.
WARNING:Xst:2323 - "src/mips_core.v" line 249: Parameter 33 is not constant in call of system task $display.
WARNING:Xst:2323 - "src/mips_core.v" line 249: Parameter 34 is not constant in call of system task $display.
WARNING:Xst:2323 - "src/mips_core.v" line 249: Parameter 35 is not constant in call of system task $display.
WARNING:Xst:2323 - "src/mips_core.v" line 249: Parameter 36 is not constant in call of system task $display.
WARNING:Xst:2323 - "src/mips_core.v" line 249: Parameter 37 is not constant in call of system task $display.
WARNING:Xst:2323 - "src/mips_core.v" line 249: Parameter 38 is not constant in call of system task $display.
WARNING:Xst:2323 - "src/mips_core.v" line 249: Parameter 39 is not constant in call of system task $display.
WARNING:Xst:2323 - "src/mips_core.v" line 249: Parameter 40 is not constant in call of system task $display.
WARNING:Xst:2323 - "src/mips_core.v" line 249: Parameter 41 is not constant in call of system task $display.
WARNING:Xst:2323 - "src/mips_core.v" line 249: Parameter 42 is not constant in call of system task $display.
WARNING:Xst:2323 - "src/mips_core.v" line 249: Parameter 43 is not constant in call of system task $display.
WARNING:Xst:2323 - "src/mips_core.v" line 249: Parameter 44 is not constant in call of system task $display.
WARNING:Xst:2323 - "src/mips_core.v" line 249: Parameter 45 is not constant in call of system task $display.
WARNING:Xst:2323 - "src/mips_core.v" line 249: Parameter 46 is not constant in call of system task $display.
WARNING:Xst:2323 - "src/mips_core.v" line 249: Parameter 47 is not constant in call of system task $display.
WARNING:Xst:2323 - "src/mips_core.v" line 249: Parameter 48 is not constant in call of system task $display.
"src/mips_core.v" line 249: $display :  DATA: 
IF: pc=%x inst=%x 
ID: ir=%x 
EX: rs=%x, rt=%x, i_e=%x, i_se=%x, shft_amnt=%x, alu_out=%x 
MEM: mul=%x, alu=%x, rt=%x 
WB: a_mul=%x, a_alu=%x, a_proc=%x

 CTRL: 
ID: alu_sel=%x, src1_sel=%x, src2_sel=%x, mul_en=%x, mul_sel=%x, memext=%x, word_size=%x, store_en=%x, ctrl_we=%x, rd_sel=%x, rd_num=%x 
EX: alu_sel=%x, src1_sel=%x, src2_sel=%x, mul_en=%x, mul_sel=%x, memext=%x, word_size=%x, store_en=%x, ctrl_we=%x, rd_sel=%x, rd_num=%x 
MEM: memext=%x, word_size=%x, store_en=%x, ctrl_we=%x, rd_sel=%x, rd_num=%x 
WB: ctrl_we=%x, rd_sel=%x, rd_num=%x


Module <mips_core> is correct for synthesis.
 
Analyzing module <valid_logic> in library <work>.
ERROR:Xst:902 - "src/mips_core.v" line 492: Unexpected time_set event in always block sensitivity list.
ERROR:Xst:902 - "src/mips_core.v" line 505: Unexpected time_set event in always block sensitivity list.
ERROR:Xst:2634 - "src/mips_core.v" line 530: For loop stop condition should depend on loop variable or be static.
ERROR:Xst:2634 - "src/mips_core.v" line 536: For loop stop condition should depend on loop variable or be static.
 
Found 4 error(s). Aborting synthesis.
--> 


Total memory usage is 535748 kilobytes

Number of errors   :    4 (   0 filtered)
Number of warnings :   93 (   0 filtered)
Number of infos    :    0 (   0 filtered)

